   Compiling unicode-ident v1.0.24
    Checking cfg-if v1.0.4
    Checking bitflags v2.13.1
    Checking log v0.4.29
    Checking once_cell v1.21.4
    Checking smallvec v1.16.0
    Checking libc v0.2.189
    Checking linux-raw-sys v0.12.1
    Checking libloading v0.8.9
   Compiling proc-macro2 v1.0.107
    Checking foldhash v0.2.0
    Checking dlib v0.5.3
    Checking equivalent v1.0.2
    Checking libm v0.2.16
    Checking arrayvec v0.7.8
    Checking downcast-rs v1.2.1
    Checking wayland-sys v0.31.11
    Checking hashbrown v0.17.1
    Checking scoped-tls v1.0.1
    Checking rustc-hash v1.1.0
    Checking memchr v2.8.3
    Checking raw-window-handle v0.6.2
    Checking bit-vec v0.9.1
    Checking unicode-width v0.2.2
    Checking bit-set v0.10.0
    Checking spirv v0.4.0+sdk-1.4.341.0
    Checking codespan-reporting v0.13.1
   Compiling quote v1.0.47
    Checking indexmap v2.14.2
    Checking scopeguard v1.2.0
   Compiling syn v2.0.119
   Compiling syn v3.0.5
   Compiling wayland-scanner v0.31.11
    Checking num-traits v0.2.19
    Checking allocator-api2 v0.2.21
    Checking static_assertions v1.1.0
    Checking salimon-world v0.1.0 (/workspace/scratch/fd8a6a4f40ba/salimon/client/world)
    Checking hashbrown v0.16.1
    Checking parking_lot_core v0.9.12
    Checking lock_api v0.4.14
    Checking ash v0.38.0+1.3.281
    Checking rustix v1.1.4
    Checking presser v0.3.1
    Checking parking_lot v0.12.5
    Checking ordered-float v5.4.0
    Checking khronos-egl v6.0.0
    Checking serde_core v1.0.229
    Checking glow v0.17.0
    Checking linux-raw-sys v0.4.15
    Checking profiling v1.0.18
    Checking renderdoc-sys v1.1.0
    Checking rustix v0.38.44
    Checking zmij v1.0.23
    Checking itoa v1.0.18
    Checking slab v0.4.12
    Checking aho-corasick v1.1.5
   Compiling bytemuck_derive v1.12.0
   Compiling thiserror-impl v2.0.20
   Compiling serde_derive v1.0.229
    Checking serde_json v1.0.151
    Checking bytemuck v1.25.2
    Checking thiserror v2.0.20
    Checking naga-types v30.0.1
    Checking serde v1.0.229
    Checking wgpu-types v30.0.1
    Checking ttf-parser v0.25.1
   Compiling zerocopy-derive v0.8.56
   Compiling thiserror-impl v1.0.69
    Checking wayland-backend v0.3.17
    Checking wayland-client v0.31.15
    Checking polling v3.11.0
   Compiling gltf-derive v1.4.1
    Checking thiserror v1.0.69
    Checking arrayref v0.3.9
    Checking calloop v0.13.0
    Checking regex-syntax v0.8.11
    Checking zerocopy v0.8.56
    Checking xcursor v0.3.11
    Checking strict-num v0.1.1
    Checking cursor-icon v1.2.0
    Checking xkeysym v0.2.1
    Checking wayland-csd-frame v0.3.0
    Checking owned_ttf_parser v0.25.1
    Checking tiny-skia-path v0.11.4
    Checking memmap2 v0.9.11
    Checking gltf-json v1.4.1
    Checking wayland-protocols v0.32.13
    Checking calloop-wayland-source v0.3.0
    Checking wayland-cursor v0.31.14
    Checking regex-automata v0.4.18
    Checking ab_glyph_rasterizer v0.1.10
    Checking lazy_static v1.5.0
    Checking byteorder v1.5.0
    Checking utf8parse v0.2.2
    Checking anstyle-parse v0.2.7
    Checking ab_glyph v0.2.32
    Checking tiny-skia v0.11.4
    Checking getrandom v0.3.4
    Checking gethostname v1.1.0
    Checking colorchoice v1.0.5
    Checking anstyle v1.0.14
    Checking anstyle-query v1.1.5
    Checking as-raw-xcb-connection v1.0.1
    Checking jiff-core v0.1.0
    Checking x11rb-protocol v0.13.2
    Checking tracing-core v0.1.36
    Checking is_terminal_polyfill v1.70.2
    Checking pin-project-lite v0.2.17
    Checking anstream v0.6.21
    Checking tracing v0.1.44
    Checking gltf v1.4.1
    Checking jiff v0.2.35
    Checking x11-dl v2.21.0
    Checking regex v1.13.1
    Checking env_filter v0.1.4
    Checking xkbcommon-dl v0.4.2
    Checking percent-encoding v2.3.2
    Checking smol_str v0.2.2
    Checking dpi v0.1.2
    Checking salimon-ship v0.1.0 (/workspace/scratch/fd8a6a4f40ba/salimon/client/ship)
    Checking pollster v0.4.0
    Checking salimon-diagnostics v0.1.0 (/workspace/scratch/fd8a6a4f40ba/salimon/client/diagnostics)
    Checking salimon-character v0.1.0 (/workspace/scratch/fd8a6a4f40ba/salimon/client/character)
    Checking half v2.7.1
    Checking ahash v0.8.12
    Checking env_logger v0.11.8
    Checking naga v30.0.1
    Checking wayland-protocols-wlr v0.3.12
    Checking wayland-protocols-plasma v0.3.12
    Checking smithay-client-toolkit v0.19.2
    Checking sctk-adwaita v0.10.1
    Checking gpu-allocator v0.28.0
    Checking x11rb v0.13.2
    Checking winit v0.30.13
    Checking wgpu-naga-bridge v30.0.1
    Checking wgpu-hal v30.0.1
    Checking wgpu-core-deps-windows-linux-android v30.0.1
    Checking wgpu-core v30.0.1
    Checking wgpu v30.0.1
    Checking salimon-renderer v0.1.0 (/workspace/scratch/fd8a6a4f40ba/salimon/client/renderer)
    Checking salimon-client v0.1.0 (/workspace/scratch/fd8a6a4f40ba/salimon/client/runtime)
    Finished `dev` profile [unoptimized + debuginfo] target(s) in 33.64s
