test_bad_schema_and_duplicate_identity (test_export_asset.ExportTests.test_bad_schema_and_duplicate_identity) ... ok
test_failed_process_and_bad_output_preserve_runtime (test_export_asset.ExportTests.test_failed_process_and_bad_output_preserve_runtime) ... ok
test_id_directory_and_manifest_lookup (test_export_asset.ExportTests.test_id_directory_and_manifest_lookup) ... ok
test_missing_source_and_blender (test_export_asset.ExportTests.test_missing_source_and_blender) ... ok
test_real_blender_categories_names_extras_axes_and_proxies (test_export_asset.ExportTests.test_real_blender_categories_names_extras_axes_and_proxies) ... skipped 'set BLENDER to run real Blender export integration'
test_symlink_escape_and_examples_rejected (test_export_asset.ExportTests.test_symlink_escape_and_examples_rejected) ... ok
test_exports_validate_and_fit_spherical_scaling_rule (test_iron_deposits.IronDepositTests.test_exports_validate_and_fit_spherical_scaling_rule) ... ok
test_variants_validate_and_fit_authoritative_unit_cube (test_iron_fragments.IronFragmentTests.test_variants_validate_and_fit_authoritative_unit_cube) ... ok
test_category_and_optional_features_do_not_require_ship_contracts (test_manifest_schema.ManifestSchemaTests.test_category_and_optional_features_do_not_require_ship_contracts) ... ok
test_invalid_contracts_and_configuration (test_manifest_schema.ManifestSchemaTests.test_invalid_contracts_and_configuration) ... ok
test_missing_required_fields (test_manifest_schema.ManifestSchemaTests.test_missing_required_fields) ... ok
test_schema_and_examples (test_manifest_schema.ManifestSchemaTests.test_schema_and_examples) ... ok
test_scout_example_covers_current_named_contracts (test_manifest_schema.ManifestSchemaTests.test_scout_example_covers_current_named_contracts) ... ok
test_authored_spatial_contract_changes_round_trip (test_scout_export.ScoutExportTests.test_authored_spatial_contract_changes_round_trip) ... ok
test_authoring_hash_keys_are_portable_on_windows (test_scout_export.ScoutExportTests.test_authoring_hash_keys_are_portable_on_windows) ... ok
test_checked_in_export_provenance_and_shared_budgets (test_scout_export.ScoutExportTests.test_checked_in_export_provenance_and_shared_budgets) ... ok
test_failed_staged_validation_preserves_all_published_files (test_scout_export.ScoutExportTests.test_failed_staged_validation_preserves_all_published_files) ... ok
test_linked_component_edit_propagation_and_saved_source (test_scout_export.ScoutExportTests.test_linked_component_edit_propagation_and_saved_source) ... skipped 'Blender required for linked component verification'
test_non_spatial_legacy_contract_changes_are_rejected (test_scout_export.ScoutExportTests.test_non_spatial_legacy_contract_changes_are_rejected) ... ok
test_authored_contract_inventory_and_semantics (test_scout_spatial_contracts.ScoutSpatialContractsTests.test_authored_contract_inventory_and_semantics) ... ok
test_authored_engine_and_seat_edits_reach_runtime_layouts (test_scout_spatial_contracts.ScoutSpatialContractsTests.test_authored_engine_and_seat_edits_reach_runtime_layouts) ... ok
test_doorway_transition_edit_reaches_generated_crossing_plane (test_scout_spatial_contracts.ScoutSpatialContractsTests.test_doorway_transition_edit_reaches_generated_crossing_plane) ... ok
test_each_authored_layout_box_edit_changes_its_generated_bounds (test_scout_spatial_contracts.ScoutSpatialContractsTests.test_each_authored_layout_box_edit_changes_its_generated_bounds) ... ok
test_every_required_node_is_checked_by_spatial_generator (test_scout_spatial_contracts.ScoutSpatialContractsTests.test_every_required_node_is_checked_by_spatial_generator) ... ok
test_generated_runtime_outputs_match_checked_in_files (test_scout_spatial_contracts.ScoutSpatialContractsTests.test_generated_runtime_outputs_match_checked_in_files) ... ok
test_missing_or_renamed_spatial_contracts_are_rejected (test_scout_spatial_contracts.ScoutSpatialContractsTests.test_missing_or_renamed_spatial_contracts_are_rejected) ... ok
test_nonfinite_malformed_or_parent_relative_contracts_fail (test_scout_spatial_contracts.ScoutSpatialContractsTests.test_nonfinite_malformed_or_parent_relative_contracts_fail) ... ok
test_rotated_or_malformed_collision_boxes_are_rejected (test_scout_spatial_contracts.ScoutSpatialContractsTests.test_rotated_or_malformed_collision_boxes_are_rejected) ... ok
test_unsupported_asymmetric_width_or_uneven_floor_is_rejected (test_scout_spatial_contracts.ScoutSpatialContractsTests.test_unsupported_asymmetric_width_or_uneven_floor_is_rejected) ... ok
test_collision_anchor_material_and_budget_regressions (test_scout_validation.ScoutValidationTests.test_collision_anchor_material_and_budget_regressions) ... ok
test_compact_nose_unified_console_and_retired_cargo_contract (test_scout_validation.ScoutValidationTests.test_compact_nose_unified_console_and_retired_cargo_contract) ... ok
test_direct_validator_without_geometry_generator (test_scout_validation.ScoutValidationTests.test_direct_validator_without_geometry_generator) ... ok
test_shared_accessor_offsets_strides_and_uint32_indices (test_scout_validation.ScoutValidationTests.test_shared_accessor_offsets_strides_and_uint32_indices) ... ok
test_ship_semantic_failure_preserves_published_export (test_scout_validation.ScoutValidationTests.test_ship_semantic_failure_preserves_published_export) ... ok
test_uv_normals_unified_console_and_real_dimensions (test_scout_validation.ScoutValidationTests.test_uv_normals_unified_console_and_real_dimensions) ... ok
test_validation_is_active_with_optimized_python (test_scout_validation.ScoutValidationTests.test_validation_is_active_with_optimized_python) ... ok
test_window_sightline_regression (test_scout_validation.ScoutValidationTests.test_window_sightline_regression) ... ok
test_exports_validate_and_fit_spherical_scaling_rule (test_silicate_deposits.SilicateDepositTests.test_exports_validate_and_fit_spherical_scaling_rule) ... ok
test_variants_validate_and_fit_authoritative_unit_cube (test_silicate_fragments.SilicateFragmentTests.test_variants_validate_and_fit_authoritative_unit_cube) ... ok
test_all_budgets (test_validate_asset.ValidationTests.test_all_budgets) ... ok
test_bad_transforms (test_validate_asset.ValidationTests.test_bad_transforms) ... ok
test_corrupt_glb_and_geometry (test_validate_asset.ValidationTests.test_corrupt_glb_and_geometry) ... ok
test_duplicate_nodes_materials_and_extras (test_validate_asset.ValidationTests.test_duplicate_nodes_materials_and_extras) ... ok
test_extension_and_collision_dispatch_fail_closed (test_validate_asset.ValidationTests.test_extension_and_collision_dispatch_fail_closed) ... ok
test_failed_semantic_validation_preserves_export_destination (test_validate_asset.ValidationTests.test_failed_semantic_validation_preserves_export_destination) ... ok
test_generic_resource_and_item_metrics (test_validate_asset.ValidationTests.test_generic_resource_and_item_metrics) ... ok
test_hierarchy_and_visual_membership (test_validate_asset.ValidationTests.test_hierarchy_and_visual_membership) ... ok
test_lod_checks (test_validate_asset.ValidationTests.test_lod_checks) ... ok
test_malformed_manifest_and_missing_contract (test_validate_asset.ValidationTests.test_malformed_manifest_and_missing_contract) ... ok
test_socket_marker_and_collision_contracts (test_validate_asset.ValidationTests.test_socket_marker_and_collision_contracts) ... ok
test_source_runtime_paths_and_identity_uniqueness (test_validate_asset.ValidationTests.test_source_runtime_paths_and_identity_uniqueness) ... ok
test_exports_validate_and_fit_spherical_scaling_rule (test_water_ice_deposits.WaterIceDepositTests.test_exports_validate_and_fit_spherical_scaling_rule) ... ok
test_variants_validate_and_fit_authoritative_unit_cube (test_water_ice_fragments.WaterIceFragmentTests.test_variants_validate_and_fit_authoritative_unit_cube) ... ok

----------------------------------------------------------------------
Ran 53 tests in 5.806s

OK (skipped=2)
{"asset": "ship.salimon-scout", "metrics": {"maxGlbBytes": 484796, "maxMaterials": 13, "maxPrimitives": 109, "maxTextureBytes": 116, "maxTriangles": 5890}, "status": "passed"}
